{
    "A": "@:C",
    "B": "@:A",
    "C": "@:B"
}