{
    "A": {
        "A1": "A1",
        "A2": "A2"
    },
    "B": {
        "B1": "ahoi!"
    },
    "C": "A1",
    "D": "A1",
    "E": "ahoi!",
    "F": "D",
    "CAREFUL_NOW": "A1"
}