{
    "A": {
        "A1": "A1",
        "A2": "A2"
    },
    "C": "A1"
}