{
    "A": "Included",
    "B": "Included",
    "C": "Included"
}